[    0.000000] Linux version 4.15.0-212-generic (buildd@lcy02-amd64-083) (gcc version 7.5.0 (Ubuntu 7.5.0-3ubuntu1~18.04)) #223-Ubuntu SMP Tue May 23 13:09:22 UTC 2023 (Ubuntu 4.15.0-212.223-generic 4.15.18)
[    0.000000] Command line: BOOT_IMAGE=/boot/vmlinuz-4.15.0-212-generic root=LABEL=cloudimg-rootfs ro console=tty1 console=ttyS0
[    0.000000] KERNEL supported cpus:
[    0.000000]   Intel GenuineIntel
[    0.000000]   AMD AuthenticAMD
[    0.000000]   Centaur CentaurHauls
[    0.000000] x86/fpu: Supporting XSAVE feature 0x001: 'x87 floating point registers'
[    0.000000] x86/fpu: Supporting XSAVE feature 0x002: 'SSE registers'
[    0.000000] x86/fpu: Supporting XSAVE feature 0x004: 'AVX registers'
[    0.000000] x86/fpu: xstate_offset[2]:  576, xstate_sizes[2]:  256
[    0.000000] x86/fpu: Enabled xstate features 0x7, context size is 832 bytes, using 'standard' format.
[    0.000000] e820: BIOS-provided physical RAM map:
[    0.000000] BIOS-e820: [mem 0x0000000000000000-0x000000000009fbff] usable
[    0.000000] BIOS-e820: [mem 0x000000000009fc00-0x000000000009ffff] reserved
[    0.000000] BIOS-e820: [mem 0x00000000000f0000-0x00000000000fffff] reserved
[    0.000000] BIOS-e820: [mem 0x0000000000100000-0x000000007ffeffff] usable
[    0.000000] BIOS-e820: [mem 0x000000007fff0000-0x000000007fffffff] ACPI data
[    0.000000] BIOS-e820: [mem 0x00000000fec00000-0x00000000fec00fff] reserved
[    0.000000] BIOS-e820: [mem 0x00000000fee00000-0x00000000fee00fff] reserved
[    0.000000] BIOS-e820: [mem 0x00000000fffc0000-0x00000000ffffffff] reserved
[    0.000000] NX (Execute Disable) protection: active
[    0.000000] SMBIOS 2.5 present.
[    0.000000] DMI: innotek GmbH VirtualBox/VirtualBox, BIOS VirtualBox 12/01/2006
[    0.000000] Hypervisor detected: KVM
[    0.000000] e820: last_pfn = 0x7fff0 max_arch_pfn = 0x400000000
[    0.000000] x86/PAT: Configuration [0-7]: WB  WC  UC- UC  WB  WP  UC- WT  
[    0.000000] found SMP MP-table at [mem 0x0009fbf0-0x0009fbff]
[    0.000000] Scanning 1 areas for low memory corruption
[    0.000000] RAMDISK: [mem 0x359cb000-0x36cdcfff]
[    0.000000] ACPI: Early table checksum verification disabled
[    0.000000] ACPI: RSDP 0x00000000000E0000 000024 (v02 VBOX  )
[    0.000000] ACPI: XSDT 0x000000007FFF0030 00003C (v01 VBOX   VBOXXSDT 00000001 ASL  00000061)
[    0.000000] ACPI: FACP 0x000000007FFF00F0 0000F4 (v04 VBOX   VBOXFACP 00000001 ASL  00000061)
[    0.000000] ACPI: DSDT 0x000000007FFF0610 002353 (v02 VBOX   VBOXBIOS 00000002 INTL 20240927)
[    0.000000] ACPI: FACS 0x000000007FFF0200 000040
[    0.000000] ACPI: FACS 0x000000007FFF0200 000040
[    0.000000] ACPI: APIC 0x000000007FFF0240 00005C (v02 VBOX   VBOXAPIC 00000001 ASL  00000061)
[    0.000000] ACPI: SSDT 0x000000007FFF02A0 00036C (v01 VBOX   VBOXCPUT 00000002 INTL 20240927)
[    0.000000] ACPI: Reserving FACP table memory at [mem 0x7fff00f0-0x7fff01e3]
[    0.000000] ACPI: Reserving DSDT table memory at [mem 0x7fff0610-0x7fff2962]
[    0.000000] ACPI: Reserving FACS table memory at [mem 0x7fff0200-0x7fff023f]
[    0.000000] ACPI: Reserving FACS table memory at [mem 0x7fff0200-0x7fff023f]
[    0.000000] ACPI: Reserving APIC table memory at [mem 0x7fff0240-0x7fff029b]
[    0.000000] ACPI: Reserving SSDT table memory at [mem 0x7fff02a0-0x7fff060b]
[    0.000000] No NUMA configuration found
[    0.000000] Faking a node at [mem 0x0000000000000000-0x000000007ffeffff]
[    0.000000] NODE_DATA(0) allocated [mem 0x7ffc5000-0x7ffeffff]
[    0.000000] kvm-clock: cpu 0, msr 0:7ff44001, primary cpu clock
[    0.000000] kvm-clock: Using msrs 4b564d01 and 4b564d00
[    0.000000] kvm-clock: using sched offset of 2849865705 cycles
[    0.000000] clocksource: kvm-clock: mask: 0xffffffffffffffff max_cycles: 0x1cd42e4dffb, max_idle_ns: 881590591483 ns
[    0.000000] Zone ranges:
[    0.000000]   DMA      [mem 0x0000000000001000-0x0000000000ffffff]
[    0.000000]   DMA32    [mem 0x0000000001000000-0x000000007ffeffff]
[    0.000000]   Normal   empty
[    0.000000]   Device   empty
[    0.000000] Movable zone start for each node
[    0.000000] Early memory node ranges
[    0.000000]   node   0: [mem 0x0000000000001000-0x000000000009efff]
[    0.000000]   node   0: [mem 0x0000000000100000-0x000000007ffeffff]
[    0.000000] Reserved but unavailable: 104 pages
[    0.000000] Initmem setup node 0 [mem 0x0000000000001000-0x000000007ffeffff]
[    0.000000] ACPI: PM-Timer IO Port: 0x4008
[    0.000000] IOAPIC[0]: apic_id 2, version 32, address 0xfec00000, GSI 0-23
[    0.000000] ACPI: INT_SRC_OVR (bus 0 bus_irq 0 global_irq 2 dfl dfl)
[    0.000000] ACPI: INT_SRC_OVR (bus 0 bus_irq 9 global_irq 9 low level)
[    0.000000] Using ACPI (MADT) for SMP configuration information
[    0.000000] smpboot: Allowing 2 CPUs, 0 hotplug CPUs
[    0.000000] PM: Registered nosave memory: [mem 0x00000000-0x00000fff]
[    0.000000] PM: Registered nosave memory: [mem 0x0009f000-0x0009ffff]
[    0.000000] PM: Registered nosave memory: [mem 0x000a0000-0x000effff]
[    0.000000] PM: Registered nosave memory: [mem 0x000f0000-0x000fffff]
[    0.000000] e820: [mem 0x80000000-0xfebfffff] available for PCI devices
[    0.000000] Booting paravirtualized kernel on KVM
[    0.000000] clocksource: refined-jiffies: mask: 0xffffffff max_cycles: 0xffffffff, max_idle_ns: 7645519600211568 ns
[    0.000000] setup_percpu: NR_CPUS:8192 nr_cpumask_bits:2 nr_cpu_ids:2 nr_node_ids:1
[    0.000000] percpu: Embedded 50 pages/cpu s167936 r8192 d28672 u1048576
[    0.000000] PV qspinlock hash table entries: 256 (order: 0, 4096 bytes)
[    0.000000] Built 1 zonelists, mobility grouping on.  Total pages: 515961
[    0.000000] Policy zone: DMA32
[    0.000000] Kernel command line: BOOT_IMAGE=/boot/vmlinuz-4.15.0-212-generic root=LABEL=cloudimg-rootfs ro console=tty1 console=ttyS0
[    0.000000] Memory: 2014836K/2096696K available (12300K kernel code, 2477K rwdata, 4324K rodata, 2480K init, 2720K bss, 81860K reserved, 0K cma-reserved)
[    0.000000] SLUB: HWalign=64, Order=0-3, MinObjects=0, CPUs=2, Nodes=1
[    0.000000] Kernel/User page tables isolation: enabled
[    0.000000] ftrace: allocating 39508 entries in 155 pages
[    0.004000] Hierarchical RCU implementation.
[    0.004000] 	RCU restricting CPUs from NR_CPUS=8192 to nr_cpu_ids=2.
[    0.004000] 	Tasks RCU enabled.
[    0.004000] RCU: Adjusting geometry for rcu_fanout_leaf=16, nr_cpu_ids=2
[    0.004000] NR_IRQS: 524544, nr_irqs: 440, preallocated irqs: 16
[    0.004000] random: crng init done
[    0.004000] Console: colour VGA+ 80x25
[    0.004000] console [tty1] enabled
[    0.004000] console [ttyS0] enabled
[    0.004000] ACPI: Core revision 20170831
[    0.004000] ACPI: 2 ACPI AML tables successfully acquired and loaded
[    0.004000] APIC: Switch to symmetric I/O mode setup
[    0.004000] x2apic enabled
[    0.004000] Switched APIC routing to physical x2apic.
[    0.004000] ..TIMER: vector=0x30 apic1=0 pin1=2 apic2=-1 pin2=-1
[    0.004000] tsc: Detected 2611.200 MHz processor
[    0.004000] Calibrating delay loop (skipped) preset value.. 5222.40 BogoMIPS (lpj=10444800)
[    0.004000] pid_max: default: 32768 minimum: 301
[    0.004000] Security Framework initialized
[    0.004000] Yama: becoming mindful.
[    0.004000] AppArmor: AppArmor initialized
[    0.004000] Dentry cache hash table entries: 262144 (order: 9, 2097152 bytes)
[    0.004000] Inode-cache hash table entries: 131072 (order: 8, 1048576 bytes)
[    0.004000] Mount-cache hash table entries: 4096 (order: 3, 32768 bytes)
[    0.004000] Mountpoint-cache hash table entries: 4096 (order: 3, 32768 bytes)
[    0.004000] Last level iTLB entries: 4KB 0, 2MB 0, 4MB 0
[    0.004000] Last level dTLB entries: 4KB 0, 2MB 0, 4MB 0, 1GB 0
[    0.004000] Spectre V1 : Mitigation: usercopy/swapgs barriers and __user pointer sanitization
[    0.004000] Spectre V2 : Mitigation: Retpolines
[    0.004000] Spectre V2 : Spectre v2 / SpectreRSB mitigation: Filling RSB on context switch
[    0.004000] Spectre V2 : Spectre v2 / SpectreRSB : Filling RSB on VMEXIT
[    0.004000] Speculative Store Bypass: Vulnerable
[    0.004000] MDS: Mitigation: Clear CPU buffers
[    0.004000] Freeing SMP alternatives memory: 36K
[    0.123146] smpboot: CPU0: 11th Gen Intel(R) Core(TM) i5-11300H @ 3.10GHz (family: 0x6, model: 0x8c, stepping: 0x1)
[    0.124000] Performance Events: unsupported p6 CPU model 140 no PMU driver, software events only.
[    0.124000] Hierarchical SRCU implementation.
[    0.124000] NMI watchdog: Perf event create on CPU 0 failed with -2
[    0.124000] NMI watchdog: Perf NMI watchdog permanently disabled
[    0.124033] smp: Bringing up secondary CPUs ...
[    0.124482] x86: Booting SMP configuration:
[    0.124837] .... node  #0, CPUs:      #1
[    0.004000] kvm-clock: cpu 1, msr 0:7ff44041, secondary cpu clock
[    0.127748] smp: Brought up 1 node, 2 CPUs
[    0.128003] smpboot: Max logical packages: 1
[    0.128369] smpboot: Total of 2 processors activated (10444.80 BogoMIPS)
[    0.129137] devtmpfs: initialized
[    0.129137] x86/mm: Memory block size: 128MB
[    0.129137] evm: security.selinux
[    0.129154] evm: security.SMACK64
[    0.129442] evm: security.SMACK64EXEC
[    0.129755] evm: security.SMACK64TRANSMUTE
[    0.130101] evm: security.SMACK64MMAP
[    0.130418] evm: security.apparmor
[    0.132002] evm: security.ima
[    0.132271] evm: security.capability
[    0.132605] clocksource: jiffies: mask: 0xffffffff max_cycles: 0xffffffff, max_idle_ns: 7645041785100000 ns
[    0.132785] futex hash table entries: 512 (order: 3, 32768 bytes)
[    0.133314] pinctrl core: initialized pinctrl subsystem
[    0.133816] RTC time: 15:04:46, date: 01/18/25
[    0.134293] NET: Registered protocol family 16
[    0.134722] audit: initializing netlink subsys (disabled)
[    0.136016] audit: type=2000 audit(1737212690.390:1): state=initialized audit_enabled=0 res=1
[    0.136786] cpuidle: using governor ladder
[    0.136786] cpuidle: using governor menu
[    0.136786] ACPI: bus type PCI registered
[    0.137099] acpiphp: ACPI Hot Plug PCI Controller Driver version: 0.5
[    0.137665] PCI: Using configuration type 1 for base access
[    0.140334] HugeTLB registered 2.00 MiB page size, pre-allocated 0 pages
[    0.140606] ACPI: Added _OSI(Module Device)
[    0.140606] ACPI: Added _OSI(Processor Device)
[    0.140809] ACPI: Added _OSI(3.0 _SCP Extensions)
[    0.141193] ACPI: Added _OSI(Processor Aggregator Device)
[    0.141658] ACPI: Added _OSI(Linux-Dell-Video)
[    0.142027] ACPI: Added _OSI(Linux-Lenovo-NV-HDMI-Audio)
[    0.142458] ACPI: Added _OSI(Linux-HPI-Hybrid-Graphics)
[    0.144163] ACPI: Executed 1 blocks of module-level executable AML code
[    0.146804] ACPI: Interpreter enabled
[    0.147133] ACPI: (supports S0 S5)
[    0.147429] ACPI: Using IOAPIC for interrupt routing
[    0.148057] PCI: Using host bridge windows from ACPI; if necessary, use "pci=nocrs" and report a bug
[    0.148899] ACPI: Enabled 2 GPEs in block 00 to 07
[    0.152664] ACPI: PCI Root Bridge [PCI0] (domain 0000 [bus 00-ff])
[    0.153169] acpi PNP0A03:00: _OSC: OS supports [ASPM ClockPM Segments MSI]
[    0.153986] acpi PNP0A03:00: _OSC: not requesting OS control; OS requires [ExtendedConfig ASPM ClockPM MSI]
[    0.154793] acpi PNP0A03:00: fail to add MMCONFIG information, can't access extended PCI configuration space under this bridge.
[    0.155867] PCI host bridge to bus 0000:00
[    0.156002] pci_bus 0000:00: root bus resource [io  0x0000-0x0cf7 window]
[    0.156507] pci_bus 0000:00: root bus resource [io  0x0d00-0xffff window]
[    0.157056] pci_bus 0000:00: root bus resource [mem 0x000a0000-0x000bffff window]
[    0.157675] pci_bus 0000:00: root bus resource [mem 0x80000000-0xfdffffff window]
[    0.158286] pci_bus 0000:00: root bus resource [bus 00-ff]
[    0.159588] pci 0000:00:01.1: legacy IDE quirk: reg 0x10: [io  0x01f0-0x01f7]
[    0.160001] pci 0000:00:01.1: legacy IDE quirk: reg 0x14: [io  0x03f6]
[    0.160524] pci 0000:00:01.1: legacy IDE quirk: reg 0x18: [io  0x0170-0x0177]
[    0.161084] pci 0000:00:01.1: legacy IDE quirk: reg 0x1c: [io  0x0376]
[    0.176884] pci 0000:00:07.0: quirk: [io  0x4000-0x403f] claimed by PIIX4 ACPI
[    0.177923] pci 0000:00:07.0: quirk: [io  0x4100-0x410f] claimed by PIIX4 SMB
[    0.189060] ACPI: PCI Interrupt Link [LNKA] (IRQs 5 9 10 *11)
[    0.189796] ACPI: PCI Interrupt Link [LNKB] (IRQs 5 9 *10 11)
[    0.190319] ACPI: PCI Interrupt Link [LNKC] (IRQs 5 *9 10 11)
[    0.190845] ACPI: PCI Interrupt Link [LNKD] (IRQs 5 9 10 *11)
[    0.191615] SCSI subsystem initialized
[    0.192036] pci 0000:00:02.0: vgaarb: setting as boot VGA device
[    0.192532] pci 0000:00:02.0: vgaarb: VGA device added: decodes=io+mem,owns=io+mem,locks=none
[    0.193221] pci 0000:00:02.0: vgaarb: bridge control possible
[    0.193684] vgaarb: loaded
[    0.193953] ACPI: bus type USB registered
[    0.194304] usbcore: registered new interface driver usbfs
[    0.194755] usbcore: registered new interface driver hub
[    0.195186] usbcore: registered new device driver usb
[    0.196041] EDAC MC: Ver: 3.0.0
[    0.196401] PCI: Using ACPI for IRQ routing
[    0.196575] NetLabel: Initializing
[    0.196900] NetLabel:  domain hash size = 128
[    0.197269] NetLabel:  protocols = UNLABELED CIPSOv4 CALIPSO
[    0.197736] NetLabel:  unlabeled traffic allowed by default
[    0.198196] clocksource: Switched to clocksource kvm-clock
[    0.203952] VFS: Disk quotas dquot_6.6.0
[    0.204343] VFS: Dquot-cache hash table entries: 512 (order 0, 4096 bytes)
[    0.204984] AppArmor: AppArmor Filesystem Enabled
[    0.205399] pnp: PnP ACPI init
[    0.206213] pnp: PnP ACPI: found 3 devices
[    0.212762] clocksource: acpi_pm: mask: 0xffffff max_cycles: 0xffffff, max_idle_ns: 2085701024 ns
[    0.213730] NET: Registered protocol family 2
[    0.214214] IP idents hash table entries: 32768 (order: 6, 262144 bytes)
[    0.215266] TCP established hash table entries: 16384 (order: 5, 131072 bytes)
[    0.215885] TCP bind hash table entries: 16384 (order: 6, 262144 bytes)
[    0.216733] TCP: Hash tables configured (established 16384 bind 16384)
[    0.217319] UDP hash table entries: 1024 (order: 3, 32768 bytes)
[    0.217811] UDP-Lite hash table entries: 1024 (order: 3, 32768 bytes)
[    0.218345] NET: Registered protocol family 1
[    0.218726] pci 0000:00:00.0: Limiting direct PCI/PCI transfers
[    0.219229] pci 0000:00:01.0: Activating ISA DMA hang workarounds
[    0.219744] pci 0000:00:02.0: Video device with shadowed ROM at [mem 0x000c0000-0x000dffff]
[    0.220511] Unpacking initramfs...
[    0.224442] Freeing initrd memory: 19528K
[    0.224442] clocksource: tsc: mask: 0xffffffffffffffff max_cycles: 0x25a39079a08, max_idle_ns: 440795310461 ns
[    0.224442] platform rtc_cmos: registered platform RTC device (no PNP device found)
[    0.224442] Scanning for low memory corruption every 60 seconds
[    0.421662] Initialise system trusted keyrings
[    0.422064] Key type blacklist registered
[    0.422396] workingset: timestamp_bits=36 max_order=19 bucket_order=0
[    0.423442] zbud: loaded
[    0.423988] squashfs: version 4.0 (2009/01/31) Phillip Lougher
[    0.424579] fuse init (API version 7.26)
[    0.425753] Key type asymmetric registered
[    0.426157] Asymmetric key parser 'x509' registered
[    0.426636] Block layer SCSI generic (bsg) driver version 0.4 loaded (major 246)
[    0.427343] io scheduler noop registered
[    0.427677] io scheduler deadline registered
[    0.428210] io scheduler cfq registered (default)
[    0.428836] ACPI: AC Adapter [AC] (on-line)
[    0.429225] input: Power Button as /devices/LNXSYSTM:00/LNXPWRBN:00/input/input0
[    0.429886] ACPI: Power Button [PWRF]
[    0.430235] input: Sleep Button as /devices/LNXSYSTM:00/LNXSLPBN:00/input/input1
[    0.430851] ACPI: Sleep Button [SLPF]
[    0.431730] ACPI: Battery Slot [BAT0] (battery present)
[    0.432210] Serial: 8250/16550 driver, 32 ports, IRQ sharing enabled
[    0.453096] 00:02: ttyS0 at I/O 0x3f8 (irq = 4, base_baud = 115200) is a 16550A
[    0.455171] Linux agpgart interface v0.103
[    0.456391] loop: module loaded
[    0.457019] scsi host0: ata_piix
[    0.457399] scsi host1: ata_piix
[    0.457699] ata1: PATA max UDMA/33 cmd 0x1f0 ctl 0x3f6 bmdma 0xd000 irq 14
[    0.458264] ata2: PATA max UDMA/33 cmd 0x170 ctl 0x376 bmdma 0xd008 irq 15
[    0.458866] tun: Universal TUN/TAP device driver, 1.6
[    0.459358] PPP generic driver version 2.4.2
[    0.459751] ehci_hcd: USB 2.0 'Enhanced' Host Controller (EHCI) Driver
[    0.460295] ehci-pci: EHCI PCI platform driver
[    0.460674] ehci-platform: EHCI generic platform driver
[    0.461119] ohci_hcd: USB 1.1 'Open' Host Controller (OHCI) Driver
[    0.461608] ohci-pci: OHCI PCI platform driver
[    0.461991] ohci-platform: OHCI generic platform driver
[    0.462423] uhci_hcd: USB Universal Host Controller Interface driver
[    0.462964] i8042: PNP: PS/2 Controller [PNP0303:PS2K,PNP0f03:PS2M] at 0x60,0x64 irq 1,12
[    0.463957] serio: i8042 KBD port at 0x60,0x64 irq 1
[    0.464400] serio: i8042 AUX port at 0x60,0x64 irq 12
[    0.464890] mousedev: PS/2 mouse device common for all mice
[    0.465596] input: AT Translated Set 2 keyboard as /devices/platform/i8042/serio0/input/input2
[    0.466524] rtc_cmos rtc_cmos: rtc core: registered rtc_cmos as rtc0
[    0.467066] rtc_cmos rtc_cmos: alarms up to one day, 114 bytes nvram
[    0.467573] i2c /dev entries driver
[    0.467909] device-mapper: uevent: version 1.0.3
[    0.468352] device-mapper: ioctl: 4.37.0-ioctl (2017-09-20) initialised: dm-devel@redhat.com
[    0.469059] ledtrig-cpu: registered to indicate activity on CPUs
[    0.469750] NET: Registered protocol family 10
[    0.472385] Segment Routing with IPv6
[    0.472750] NET: Registered protocol family 17
[    0.473166] Key type dns_resolver registered
[    0.473635] mce: Using 0 MCE banks
[    0.473941] RAS: Correctable Errors collector initialized.
[    0.474399] sched_clock: Marking stable (473616737, 0)->(565554198, -91937461)
[    0.475200] registered taskstats version 1
[    0.475588] Loading compiled-in X.509 certificates
[    0.477442] Loaded X.509 cert 'Build time autogenerated kernel key: b5b26778eaa3ab3a4a6cee031137706e947d12ad'
[    0.478667] Loaded X.509 cert 'Canonical Ltd. Live Patch Signing: 14df34d1a87cf37625abec039ef2bf521249b969'
[    0.479852] Loaded X.509 cert 'Canonical Ltd. Kernel Module Signing: 88f752e560a1e0737e31163a466ad7b70a850c19'
[    0.480655] blacklist: Loading compiled-in revocation X.509 certificates
[    0.481213] Loaded X.509 cert 'Canonical Ltd. Secure Boot Signing: 61482aa2830d0ab2ad5af10b7250da9033ddcef0'
[    0.482016] Loaded X.509 cert 'Canonical Ltd. Secure Boot Signing (2017): 242ade75ac4a15e50d50c84b0d45ff3eae707a03'
[    0.482878] Loaded X.509 cert 'Canonical Ltd. Secure Boot Signing (ESM 2018): 365188c1d374d6b07c3c8f240f8ef722433d6a8b'
[    0.483728] Loaded X.509 cert 'Canonical Ltd. Secure Boot Signing (2019): c0746fd6c5da3ae827864651ad66ae47fe24b3e8'
[    0.484572] Loaded X.509 cert 'Canonical Ltd. Secure Boot Signing (2021 v1): a8d54bbb3825cfb94fa13c9f8a594a195c107b8d'
[    0.485445] Loaded X.509 cert 'Canonical Ltd. Secure Boot Signing (2021 v2): 4cf046892d6fd3c9a5b03f98d845f90851dc6a8c'
[    0.486331] Loaded X.509 cert 'Canonical Ltd. Secure Boot Signing (2021 v3): 100437bb6de6e469b581e61cd66bce3ef4ed53af'
[    0.487213] Loaded X.509 cert 'Canonical Ltd. Secure Boot Signing (Ubuntu Core 2019): c1d57b8f6b743f23ee41f4f7ee292f06eecadfb9'
[    0.488160] zswap: loaded using pool lzo/zbud
[    0.490776] Key type big_key registered
[    0.491147] Key type trusted registered
[    0.492597] Key type encrypted registered
[    0.492985] AppArmor: AppArmor sha1 policy hashing enabled
[    0.493435] ima: No TPM chip found, activating TPM-bypass! (rc=-19)
[    0.493936] ima: Allocated hash algorithm: sha1
[    0.494332] evm: HMAC attrs: 0x1
[    0.494757]   Magic number: 9:425:83
[    0.495162] rtc_cmos rtc_cmos: setting system clock to 2025-01-18 15:04:46 UTC (1737212686)
[    0.495899] BIOS EDD facility v0.16 2004-Jun-25, 0 devices found
[    0.496428] EDD information not available.
[    0.641808] Freeing unused kernel image memory: 2480K
[    1.016218] Write protecting the kernel read-only data: 20480k
[    1.019121] Freeing unused kernel image memory: 2008K
[    1.021408] Freeing unused kernel image memory: 1820K
[    1.028968] x86/mm: Checked W+X mappings: passed, no W+X pages found.
[    1.030343] x86/mm: Checking user space page tables
[    1.036056] x86/mm: Checked W+X mappings: passed, no W+X pages found.
Loading, please wait...
starting version 237
[    1.077401] e1000: Intel(R) PRO/1000 Network Driver - version 7.3.21-k8-NAPI
[    1.078078] e1000: Copyright (c) 1999-2006 Intel Corporation.
[    1.079326] Fusion MPT base driver 3.04.20
[    1.079738] Copyright (c) 1999-2008 LSI Corporation
[    1.085185] Fusion MPT SPI Host driver 3.04.20
[    1.091308] AVX2 version of gcm_enc/dec engaged.
[    1.091841] AES CTR mode by8 optimization enabled
[    1.300640] input: ImExPS/2 Generic Explorer Mouse as /devices/platform/i8042/serio1/input/input4
[    2.227078] e1000 0000:00:03.0 eth0: (PCI:33MHz:32-bit) 02:3b:7b:b7:3b:2d
[    2.227807] e1000 0000:00:03.0 eth0: Intel(R) PRO/1000 Network Connection
[    4.079332] e1000 0000:00:08.0 eth1: (PCI:33MHz:32-bit) 08:00:27:24:d5:88
[    4.080939] e1000 0000:00:08.0 eth1: Intel(R) PRO/1000 Network Connection
[    4.083321] e1000 0000:00:08.0 enp0s8: renamed from eth1
[    4.084171] mptbase: ioc0: Initiating bringup
[    4.148230] e1000 0000:00:03.0 enp0s3: renamed from eth0
[    4.224983] ioc0: LSI53C1030 A0: Capabilities={Initiator}
[    8.256368] scsi host2: ioc0: LSI53C1030 A0, FwRev=00000000h, Ports=1, MaxQ=256, IRQ=20
[   11.226552] scsi 2:0:0:0: Direct-Access     VBOX     HARDDISK         1.0  PQ: 0 ANSI: 5
[   12.225304] scsi target2:0:0: Beginning Domain Validation
[   12.228598] scsi target2:0:0: Domain Validation skipping write tests
[   12.230485] scsi target2:0:0: Ending Domain Validation
[   12.231845] scsi target2:0:0: asynchronous
[   12.232501] scsi 2:0:1:0: Direct-Access     VBOX     HARDDISK         1.0  PQ: 0 ANSI: 5
[   13.194820] scsi target2:0:1: Beginning Domain Validation
[   13.197849] scsi target2:0:1: Domain Validation skipping write tests
[   13.199591] scsi target2:0:1: Ending Domain Validation
[   13.200793] scsi target2:0:1: asynchronous
[   13.203081] sd 2:0:0:0: Attached scsi generic sg0 type 0
[   13.203832] sd 2:0:1:0: Attached scsi generic sg1 type 0
[   13.203842] sd 2:0:0:0: [sda] 83886080 512-byte logical blocks: (42.9 GB/40.0 GiB)
[   13.205149] sd 2:0:0:0: [sda] Write Protect is off
[   13.205574] sd 2:0:1:0: [sdb] 20480 512-byte logical blocks: (10.5 MB/10.0 MiB)
[   13.206299] sd 2:0:1:0: [sdb] Write Protect is off
[   13.206751] sd 2:0:0:0: [sda] Incomplete mode parameter data
[   13.207246] sd 2:0:0:0: [sda] Assuming drive cache: write through
[   13.207882] sd 2:0:1:0: [sdb] Incomplete mode parameter data
[   13.208371] sd 2:0:1:0: [sdb] Assuming drive cache: write through
[   13.209784]  sda: sda1
[   13.210531] sd 2:0:1:0: [sdb] Attached SCSI disk
[   13.210959] sd 2:0:0:0: [sda] Attached SCSI disk
Begin: Loading essential drivers ... [   14.543825] raid6: sse2x1   gen() 23233 MB/s
[   14.592134] raid6: sse2x1   xor() 10908 MB/s
[   14.642131] raid6: sse2x2   gen() 23679 MB/s
[   14.692637] raid6: sse2x2   xor() 16438 MB/s
[   14.740159] raid6: sse2x4   gen() 23524 MB/s
[   14.791725] raid6: sse2x4   xor() 14430 MB/s
[   14.855534] raid6: avx2x1   gen() 37311 MB/s
[   14.900406] raid6: avx2x1   xor() 20233 MB/s
[   14.949935] raid6: avx2x2   gen() 43280 MB/s
[   15.003977] raid6: avx2x2   xor() 31614 MB/s
[   15.052055] raid6: avx2x4   gen() 41468 MB/s
[   15.119841] raid6: avx2x4   xor() 25967 MB/s
[   15.120241] raid6: using algorithm avx2x2 gen() 43280 MB/s
[   15.120671] raid6: .... xor() 31614 MB/s, rmw enabled
[   15.121069] raid6: using avx2x2 recovery algorithm
[   15.122217] xor: automatically using best checksumming function   avx       
[   15.123416] async_tx: api initialized (async)
done.
Begin: Running /scripts/init-premount ... done.
Begin: Mounting root file system ... Begin: Running /scripts/local-top ... done.
Begin: Running /scripts/local-premount ... [   15.151508] Btrfs loaded, crc32c=crc32c-intel
Scanning for Btrfs filesystems
done.
Warning: fsck not present, so skipping root file system
[   15.165911] EXT4-fs (sda1): mounted filesystem with ordered data mode. Opts: (null)
done.
Begin: Running /scripts/local-bottom ... done.
Begin: Running /scripts/init-bottom ... done.
[   15.290868] ip_tables: (C) 2000-2006 Netfilter Core Team
[   15.294548] systemd[1]: systemd 237 running in system mode. (+PAM +AUDIT +SELINUX +IMA +APPARMOR +SMACK +SYSVINIT +UTMP +LIBCRYPTSETUP +GCRYPT +GNUTLS +ACL +XZ +LZ4 +SECCOMP +BLKID +ELFUTILS +KMOD -IDN2 +IDN -PCRE2 default-hierarchy=hybrid)
[   15.296670] systemd[1]: Detected virtualization oracle.
[   15.297206] systemd[1]: Detected architecture x86-64.

Welcome to [1mUbuntu 18.04.6 LTS[0m!

[   15.299964] systemd[1]: Set hostname to <ubuntu>.
[   15.301045] systemd[1]: Initializing machine ID from random generator.
[   15.301715] systemd[1]: Installed transient /etc/machine-id file.
[   15.405180] systemd[1]: Reached target Swap.
[[0;32m  OK  [0m] Reached target Swap.
[   15.406026] systemd[1]: Reached target User and Group Name Lookups.
[[0;32m  OK  [0m] Reached target User and Group Name Lookups.
[   15.406978] systemd[1]: Set up automount Arbitrary Executable File Formats File System Automount Point.
[[0;32m  OK  [0m] Set up automount Arbitrary Executabâ€¦rmats File System Automount Point.
[   15.408151] systemd[1]: Reached target Mounting snaps.
[[0;32m  OK  [0m] Reached target Mounting snaps.
[[0;32m  OK  [0m] Started Forward Password Requests to Wall Directory Watch.
[[0;32m  OK  [0m] Created slice System Slice.
[[0;32m  OK  [0m] Listening on udev Control Socket.
[[0;32m  OK  [0m] Listening on LVM2 metadata daemon socket.
[[0;32m  OK  [0m] Listening on /dev/initctl Compatibility Named Pipe.
[[0;32m  OK  [0m] Listening on Device-mapper event daemon FIFOs.
[[0;32m  OK  [0m] Listening on udev Kernel Socket.
[[0;32m  OK  [0m] Created slice system-serial\x2dgetty.slice.
[[0;32m  OK  [0m] Listening on Journal Socket.
         Starting Uncomplicated firewall...
         Starting Monitoring of LVM2 mirrorsâ€¦ng dmeventd or progress polling...
         Starting Create list of required stâ€¦ce nodes for the current kernel...
         Mounting POSIX Message Queue File System...
         Starting Set the console keyboard layout...
         Starting udev Coldplug all Devices...
         Mounting Huge Pages File System...
[[0;32m  OK  [0m] Listening on LVM2 poll daemon socket.
[[0;32m  OK  [0m] Listening on Syslog Socket.
         Starting Load Kernel Modules...
[[0;32m  OK  [0m] Listening on fsck to fsckd communication Socket.
[[0;32m  OK  [0m] Listening on Journal Audit Socket.
         Starting File System Check on Root Device...
[[0;32m  OK  [0m] Reached target System Time Synchronized.
[[0;32m  OK  [0m] Listening on Network Service Netlink Socket.
[[0;32m  OK  [0m] Created slice User and Session Slice.
[[0;32m  OK  [0m] Reached target Slices.
[[0;32m  OK  [0m] Listening on Journal Socket (/dev/log).
         Starting Journal Service...
         Mounting Kernel Debug File System...
[[0;32m  OK  [0m] Reached target Mounted snaps.
[[0;32m  OK  [0m] Started Uncomplicated firewall.
[[0;32m  OK  [0m] Started Create list of required staâ€¦vice nodes for the current kernel.
[[0;32m  OK  [0m] Started LVM2 metadata daemon.
         Starting Create Static Device Nodes in /dev...
[[0;32m  OK  [0m] Mounted POSIX Message Queue File System.
[[0;32m  OK  [0m] Mounted Huge Pages File System.
[[0;32m  OK  [0m] Mounted Kernel Debug File System.
[   15.481363] Loading iSCSI transport class v2.0-870.
[[0;32m  OK  [0m] Started udev Coldplug all Devices.
[   15.485362] iscsi: registered transport (tcp)
[   15.494238] iscsi: registered transport (iser)
[[0;32m  OK  [0m] Started Load Kernel Modules.
         Starting Apply Kernel Variables...
         Mounting Kernel Configuration File System...
         Mounting FUSE Control File System...
[[0;32m  OK  [0m] Mounted Kernel Configuration File System.
[[0;32m  OK  [0m] Mounted FUSE Control File System.
[[0;32m  OK  [0m] Started File System Check Daemon to report status.
[[0;32m  OK  [0m] Started Journal Service.
[[0;32m  OK  [0m] Started Create Static Device Nodes in /dev.
[[0;32m  OK  [0m] Started Monitoring of LVM2 mirrors,â€¦sing dmeventd or progress polling.
[[0;32m  OK  [0m] Started Apply Kernel Variables.
[[0;32m  OK  [0m] Started File System Check on Root Device.
         Starting Remount Root and Kernel File Systems...
[[0;32m  OK  [0m] Started Remount Root and Kernel File Systems.
         Starting udev Kernel Device Manager...
         Starting Flush Journal to Persistent Storage...
         Starting Load/Save Random Seed...
[[0;32m  OK  [0m] Started Load/Save Random Seed.
[[0;32m  OK  [0m] Started udev Kernel Device Manager.
[[0;32m  OK  [0m] Started Flush Journal to Persistent Storage.
[[0;32m  OK  [0m] Found device /dev/ttyS0.
[[0;32m  OK  [0m] Listening on Load/Save RF Kill Switch Status /dev/rfkill Watch.
         Mounting Arbitrary Executable File Formats File System...
[[0;32m  OK  [0m] Mounted Arbitrary Executable File Formats File System.
[[0;32m  OK  [0m] Started Set the console keyboard layout.
[[0;32m  OK  [0m] Started Dispatch Password Requests to Console Directory Watch.
[[0;32m  OK  [0m] Reached target Local Encrypted Volumes.
[[0;32m  OK  [0m] Reached target Local File Systems (Pre).
[[0;32m  OK  [0m] Reached target Local File Systems.
         Starting Set console font and keymap...
         Starting Tell Plymouth To Write Out Runtime Data...
         Starting ebtables ruleset management...
         Starting AppArmor initialization...
         Starting Commit a transient machine-id on disk...
         Starting Create Volatile Files and Directories...
[[0;32m  OK  [0m] Started Tell Plymouth To Write Out Runtime Data.
[[0;32m  OK  [0m] Started Create Volatile Files and Directories.
         Starting Update UTMP about System Boot/Shutdown...
[[0;32m  OK  [0m] Started Update UTMP about System Boot/Shutdown.
[[0;32m  OK  [0m] Started Commit a transient machine-id on disk.
[[0;32m  OK  [0m] Started ebtables ruleset management.
[[0;32m  OK  [0m] Started AppArmor initialization.
         Starting Load AppArmor profiles managed internally by snapd...
         Starting Initial cloud-init job (pre-networking)...
[[0;32m  OK  [0m] Started Load AppArmor profiles managed internally by snapd.
[[0;32m  OK  [0m] Started Set console font and keymap.
[   17.365722] cloud-init[879]: Cloud-init v. 23.1.2-0ubuntu0~18.04.1 running 'init-local' at Sat, 18 Jan 2025 15:05:03 +0000. Up 17.17 seconds.
[[0;32m  OK  [0m] Started Initial cloud-init job (pre-networking).
[[0;32m  OK  [0m] Reached target Network (Pre).
         Starting Network Service...
[[0;32m  OK  [0m] Started Network Service.
         Starting Network Name Resolution...
         Starting Wait for Network to be Configured...
[[0;32m  OK  [0m] Started Network Name Resolution.
[[0;32m  OK  [0m] Reached target Host and Network Name Lookups.
[[0;32m  OK  [0m] Reached target Network.
[[0;32m  OK  [0m] Started Wait for Network to be Configured.
         Starting Initial cloud-init job (metadata service crawler)...
[   19.826451] cloud-init[1033]: Cloud-init v. 23.1.2-0ubuntu0~18.04.1 running 'init' at Sat, 18 Jan 2025 15:05:05 +0000. Up 19.73 seconds.
[   19.827315] cloud-init[1033]: ci-info: ++++++++++++++++++++++++++++++++++++++Net device info+++++++++++++++++++++++++++++++++++++++
[   19.828202] cloud-init[1033]: ci-info: +--------+-------+----------------------------+---------------+--------+-------------------+
[   19.829007] cloud-init[1033]: ci-info: | Device |   Up  |          Address           |      Mask     | Scope  |     Hw-Address    |
[   19.829771] cloud-init[1033]: ci-info: +--------+-------+----------------------------+---------------+--------+-------------------+
[   19.830536] cloud-init[1033]: ci-info: | enp0s3 |  True |         10.0.2.15          | 255.255.255.0 | global | 02:3b:7b:b7:3b:2d |
[   19.831311] cloud-init[1033]: ci-info: | enp0s3 |  True | fd00::3b:7bff:feb7:3b2d/64 |       .       | global | 02:3b:7b:b7:3b:2d |
[   19.832110] cloud-init[1033]: ci-info: | enp0s3 |  True | fe80::3b:7bff:feb7:3b2d/64 |       .       |  link  | 02:3b:7b:b7:3b:2d |
[   19.832900] cloud-init[1033]: ci-info: | enp0s8 | False |             .              |       .       |   .    | 08:00:27:24:d5:88 |
[   19.833716] cloud-init[1033]: ci-info: |   lo   |  True |         127.0.0.1          |   255.0.0.0   |  host  |         .         |
[   19.834425] cloud-init[1033]: ci-info: |   lo   |  True |          ::1/128           |       .       |  host  |         .         |
[   19.835126] cloud-init[1033]: ci-info: +--------+-------+----------------------------+---------------+--------+-------------------+
[   19.835831] cloud-init[1033]: ci-info: ++++++++++++++++++++++++++++Route IPv4 info+++++++++++++++++++++++++++++
[   19.836511] cloud-init[1033]: ci-info: +-------+-------------+----------+-----------------+-----------+-------+
[   19.837214] cloud-init[1033]: ci-info: | Route | Destination | Gateway  |     Genmask     | Interface | Flags |
[   19.837850] cloud-init[1033]: ci-info: +-------+-------------+----------+-----------------+-----------+-------+
[   19.838424] cloud-init[1033]: ci-info: |   0   |   0.0.0.0   | 10.0.2.2 |     0.0.0.0     |   enp0s3  |   UG  |
[   19.838970] cloud-init[1033]: ci-info: |   1   |   10.0.2.0  | 0.0.0.0  |  255.255.255.0  |   enp0s3  |   U   |
[   19.839561] cloud-init[1033]: ci-info: |   2   |   10.0.2.2  | 0.0.0.0  | 255.255.255.255 |   enp0s3  |   UH  |
[   19.840241] cloud-init[1033]: ci-info: +-------+-------------+----------+-----------------+-----------+-------+
[   19.840889] cloud-init[1033]: ci-info: +++++++++++++++++++Route IPv6 info+++++++++++++++++++
[   19.841478] cloud-init[1033]: ci-info: +-------+-------------+---------+-----------+-------+
[   19.842151] cloud-init[1033]: ci-info: | Route | Destination | Gateway | Interface | Flags |
[   19.842730] cloud-init[1033]: ci-info: +-------+-------------+---------+-----------+-------+
[   19.843319] cloud-init[1033]: ci-info: |   1   |  fd00::/64  |    ::   |   enp0s3  |   U   |
[   19.843930] cloud-init[1033]: ci-info: |   2   |  fe80::/64  |    ::   |   enp0s3  |   U   |
[   19.845432] cloud-init[1033]: ci-info: |   3   |     ::/0    | fe80::2 |   enp0s3  |   UG  |
[   19.845993] cloud-init[1033]: ci-info: |   5   |    local    |    ::   |   enp0s3  |   U   |
[   19.846489] cloud-init[1033]: ci-info: |   6   |   ff00::/8  |    ::   |   enp0s3  |   U   |
[   19.846992] cloud-init[1033]: ci-info: +-------+-------------+---------+-----------+-------+
[   20.439240] cloud-init[1033]: Generating public/private rsa key pair.
[   20.439986] cloud-init[1033]: Your identification has been saved in /etc/ssh/ssh_host_rsa_key.
[   20.440807] cloud-init[1033]: Your public key has been saved in /etc/ssh/ssh_host_rsa_key.pub.
[   20.441577] cloud-init[1033]: The key fingerprint is:
[   20.442118] cloud-init[1033]: SHA256:xxmbiFV9x84TKzQlJEuRhlJr2n2tVfGm/DQgXANM0vI root@ubuntu-bionic
[   20.442878] cloud-init[1033]: The key's randomart image is:
[   20.443379] cloud-init[1033]: +---[RSA 2048]----+
[   20.443820] cloud-init[1033]: |        .o*B==.+ |
[   20.444345] cloud-init[1033]: |       . +===o+.=|
[   20.444789] cloud-init[1033]: |        oo=+.o.+*|
[   20.445298] cloud-init[1033]: |       o+o.E.oo=+|
[   20.445751] cloud-init[1033]: |      ..S.*. .++o|
[   20.446212] cloud-init[1033]: |         .  . oo.|
[   20.446688] cloud-init[1033]: |             .  .|
[   20.447155] cloud-init[1033]: |                 |
[   20.447622] cloud-init[1033]: |                 |
[   20.448195] cloud-init[1033]: +----[SHA256]-----+
[   20.448688] cloud-init[1033]: Generating public/private dsa key pair.
[   20.449204] cloud-init[1033]: Your identification has been saved in /etc/ssh/ssh_host_dsa_key.
[   20.449844] cloud-init[1033]: Your public key has been saved in /etc/ssh/ssh_host_dsa_key.pub.
[   20.450470] cloud-init[1033]: The key fingerprint is:
[   20.450898] cloud-init[1033]: SHA256:zSw+NEFgVqWkG2zAuvCllq6lH+WhQIWjU7cySahkSQg root@ubuntu-bionic
[   20.451522] cloud-init[1033]: The key's randomart image is:
[   20.451974] cloud-init[1033]: +---[DSA 1024]----+
[   20.452410] cloud-init[1033]: |Eooo. +o+..      |
[   20.452847] cloud-init[1033]: |o*+ o= + .       |
[   20.453231] cloud-init[1033]: |=+.+ .= o        |
[   20.453600] cloud-init[1033]: |* = o. o =       |
[   20.453986] cloud-init[1033]: |.+ Bo . S +      |
[   20.454380] cloud-init[1033]: | .*+ . o o       |
[   20.454786] cloud-init[1033]: | o+ .   o        |
[   20.455171] cloud-init[1033]: | o..     .       |
[   20.455479] cloud-init[1033]: |oo.              |
[   20.455879] cloud-init[1033]: +----[SHA256]-----+
[   20.456279] cloud-init[1033]: Generating public/private ecdsa key pair.
[   20.456825] cloud-init[1033]: Your identification has been saved in /etc/ssh/ssh_host_ecdsa_key.
[   20.457480] cloud-init[1033]: Your public key has been saved in /etc/ssh/ssh_host_ecdsa_key.pub.
[   20.458215] cloud-init[1033]: The key fingerprint is:
[   20.458560] cloud-init[1033]: SHA256:OgHwWYkzE0QoOggFgzdd//y1tAMyDLmqvp22UQ1pZDE root@ubuntu-bionic
[   20.459243] cloud-init[1033]: The key's randomart image is:
[   20.459717] cloud-init[1033]: +---[ECDSA 256]---+
[   20.460246] cloud-init[1033]: |+oo=++o.E.       |
[   20.460647] cloud-init[1033]: |+.+o*o.+ +       |
[   20.461063] cloud-init[1033]: |+o .++  B        |
[   20.461454] cloud-init[1033]: |+    . . O       |
[   20.461860] cloud-init[1033]: | .    . S B . o  |
[   20.462165] cloud-init[1033]: |       =   + + o |
[   20.462535] cloud-init[1033]: |      =     . +  |
[   20.462896] cloud-init[1033]: |     o.+       . |
[   20.463239] cloud-init[1033]: |   .+o+.         |
[   20.463598] cloud-init[1033]: +----[SHA256]-----+
[   20.463962] cloud-init[1033]: Generating public/private ed25519 key pair.
[   20.464403] cloud-init[1033]: Your identification has been saved in /etc/ssh/ssh_host_ed25519_key.
[   20.465083] cloud-init[1033]: Your public key has been saved in /etc/ssh/ssh_host_ed25519_key.pub.
[   20.465751] cloud-init[1033]: The key fingerprint is:
[   20.466173] cloud-init[1033]: SHA256:kETJ2ZKKFJo8Se1l/uNHb48LJ9VClTJQNVqehGDNacc root@ubuntu-bionic
[   20.466822] cloud-init[1033]: The key's randomart image is:
[   20.467246] cloud-init[1033]: +--[ED25519 256]--+
[   20.467580] cloud-init[1033]: | .o. oo= +*.=*.  |
[   20.467957] cloud-init[1033]: |ooo. +*.o  O*Eo  |
[   20.468383] cloud-init[1033]: |o=..+.o.  .o+o   |
[   20.468786] cloud-init[1033]: |  o... .  . .    |
[   20.469194] cloud-init[1033]: |      . S  o .   |
[   20.469582] cloud-init[1033]: |       o .. .    |
[   20.469973] cloud-init[1033]: |      . oo..     |
[   20.470360] cloud-init[1033]: |       . .+o.    |
[   20.470743] cloud-init[1033]: |        . .oo.   |
[   20.471145] cloud-init[1033]: +----[SHA256]-----+
[[0;32m  OK  [0m] Started Initial cloud-init job (metadata service crawler).
[[0;32m  OK  [0m] Reached target System Initialization.
         Starting LXD - unix socket.
[[0;32m  OK  [0m] Listening on ACPID Listen Socket.
[[0;32m  OK  [0m] Started Daily apt download activities.
[[0;32m  OK  [0m] Started Daily Cleanup of Temporary Directories.
[[0;32m  OK  [0m] Started Daily apt upgrade and clean activities.
[[0;32m  OK  [0m] Started ACPI Events Check.
[[0;32m  OK  [0m] Started Message of the Day.
[[0;32m  OK  [0m] Listening on Open-iSCSI iscsid Socket.
[[0;32m  OK  [0m] Started Ubuntu Advantage Timer for running repeated jobs.
[[0;32m  OK  [0m] Listening on UUID daemon activation socket.
         Starting Socket activation for snappy daemon.
[[0;32m  OK  [0m] Listening on D-Bus System Message Bus Socket.
[[0;32m  OK  [0m] Reached target Paths.
[[0;32m  OK  [0m] Listening on cloud-init hotplug hook socket.
[[0;32m  OK  [0m] Started Discard unused blocks once a week.
[[0;32m  OK  [0m] Reached target Timers.
[[0;32m  OK  [0m] Reached target Network is Online.
[[0;32m  OK  [0m] Reached target Remote File Systems (Pre).
[[0;32m  OK  [0m] Reached target Remote File Systems.
         Starting Availability of block devices...
[[0;32m  OK  [0m] Reached target Cloud-config availability.
[[0;32m  OK  [0m] Listening on LXD - unix socket.
[[0;32m  OK  [0m] Listening on Socket activation for snappy daemon.
[[0;32m  OK  [0m] Reached target Sockets.
[[0;32m  OK  [0m] Reached target Basic System.
[[0;32m  OK  [0m] Started D-Bus System Message Bus.
         Starting Snap Daemon...
         Starting Accounts Service...
         Starting Login Service...
[[0;32m  OK  [0m] Reached target Login Prompts (Pre).
         Starting Virtualbox guest utils...
[[0;32m  OK  [0m] Started irqbalance daemon.
         Starting LSB: Record successful boot for GRUB...
         Starting Dispatcher daemon for systemd-networkd...
         Starting Permit User Sessions...
         Starting Pollinate to seed the pseudo random number generator...
[[0;32m  OK  [0m] Started Regular background program processing daemon.
         Starting System Logging Service...
         Starting LSB: automatic crash report generation...
[[0;32m  OK  [0m] Started FUSE filesystem for LXC.
[[0;32m  OK  [0m] Started Deferred execution scheduler.
         Starting LXD - container startup/shutdown...
[[0;32m  OK  [0m] Started Availability of block devices.
[[0;32m  OK  [0m] Started System Logging Service.
[[0;32m  OK  [0m] Started Permit User Sessions.
[[0;32m  OK  [0m] Started Login Service.
[[0;32m  OK  [0m] Started Unattended Upgrades Shutdown.
         Starting Hold until boot process finishes up...
         Starting Terminate Plymouth Boot Screen...
         Starting Hostname Service...
[[0;32m  OK  [0m] Started Hold until boot process finishes up.
[[0;32m  OK  [0m] Started Terminate Plymouth Boot Screen.
[[0;32m  OK  [0m] Started Serial Getty on ttyS0.
         Starting Set console scheme...
[[0;32m  OK  [0m] Started LSB: automatic crash report generation.
[[0;32m  OK  [0m] Started Set console scheme.
[[0;32m  OK  [0m] Created slice system-getty.slice.
[[0;32m  OK  [0m] Started Getty on tty1.
[[0;32m  OK  [0m] Reached target Login Prompts.
         Starting Authorization Manager...
[[0;32m  OK  [0m] Started Hostname Service.
[[0;32m  OK  [0m] Started LSB: Record successful boot for GRUB.
[[0;32m  OK  [0m] Started Virtualbox guest utils.
[[0;32m  OK  [0m] Started Authorization Manager.
[[0;32m  OK  [0m] Started LXD - container startup/shutdown.
[[0;32m  OK  [0m] Started Accounts Service.
[[0;32m  OK  [0m] Started Dispatcher daemon for systemd-networkd.
[[0;32m  OK  [0m] Started Snap Daemon.
         Starting Wait until snapd is fully seeded...
         Starting Time & Date Service...
[[0;32m  OK  [0m] Started Time & Date Service.
[[0;32m  OK  [0m] Started Pollinate to seed the pseudo random number generator.
         Starting OpenBSD Secure Shell server...
[[0;32m  OK  [0m] Started OpenBSD Secure Shell server.
[[0;32m  OK  [0m] Created slice User Slice of vagrant.
         Starting User Manager for UID 1000...
[[0;32m  OK  [0m] Started Session 1 of user vagrant.
[[0;32m  OK  [0m] Started User Manager for UID 1000.
[   26.393399] cloud-init[1890]: Cloud-init v. 23.1.2-0ubuntu0~18.04.1 running 'modules:config' at Sat, 18 Jan 2025 15:05:12 +0000. Up 26.07 seconds.

Ubuntu 18.04.6 LTS ubuntu-bionic ttyS0

ubuntu-bionic login: ci-info: no authorized SSH keys fingerprints found for user ubuntu.
<14>Jan 18 15:05:12 cloud-init: #############################################################
<14>Jan 18 15:05:12 cloud-init: -----BEGIN SSH HOST KEY FINGERPRINTS-----
<14>Jan 18 15:05:12 cloud-init: 1024 SHA256:zSw+NEFgVqWkG2zAuvCllq6lH+WhQIWjU7cySahkSQg root@ubuntu-bionic (DSA)
<14>Jan 18 15:05:12 cloud-init: 256 SHA256:OgHwWYkzE0QoOggFgzdd//y1tAMyDLmqvp22UQ1pZDE root@ubuntu-bionic (ECDSA)
<14>Jan 18 15:05:12 cloud-init: 256 SHA256:kETJ2ZKKFJo8Se1l/uNHb48LJ9VClTJQNVqehGDNacc root@ubuntu-bionic (ED25519)
<14>Jan 18 15:05:12 cloud-init: 2048 SHA256:xxmbiFV9x84TKzQlJEuRhlJr2n2tVfGm/DQgXANM0vI root@ubuntu-bionic (RSA)
<14>Jan 18 15:05:12 cloud-init: -----END SSH HOST KEY FINGERPRINTS-----
<14>Jan 18 15:05:12 cloud-init: #############################################################
-----BEGIN SSH HOST KEY KEYS-----
ecdsa-sha2-nistp256 AAAAE2VjZHNhLXNoYTItbmlzdHAyNTYAAAAIbmlzdHAyNTYAAABBBAGYbHS6CVIXFoY/QO964LkbM0tge5fu+CArKLqNXEJ4GukmdsK9ejKr1wQQVimIuq3fvKamz0MIIfXAfdKVUDU= root@ubuntu-bionic
ssh-ed25519 AAAAC3NzaC1lZDI1NTE5AAAAIFabyjeqAK5JzPKGqXspv+8MEdzmGV7cbE7nV0i5TJTC root@ubuntu-bionic
ssh-rsa AAAAB3NzaC1yc2EAAAADAQABAAABAQC9C/UMYWw+g7fPl8+ppWtu7oTSl9ph4OPEsxCmz4txFJQ0y/8t+1azITJQZZJqs2W1B4NqITiZoZkC3qQHXPopFfukYvYoF+amAbt91aA1yjArLvRxbQAdgYfwrUg4xsUHv5XDoiYCejTd9Q+GQzsL4tlL/T1l9mQ8dSen0CWJ2htWQrPSIxoMD4UzhNvSfCw2/nOxL9yy+OpEV/1ow0on+g/gpnvyon89OsHonw8FOoOjsJnB+rVFuSnlTIs3TcUmjXwUXKPmfkc5ESP7JN8sBQA2g59FhTcmlCc9jQvCZvt10oYQoLCzT6P8lDIEjq8lsWahC7ex5LKlRfeFBpwn root@ubuntu-bionic
-----END SSH HOST KEY KEYS-----
[   27.012129] cloud-init[1988]: Cloud-init v. 23.1.2-0ubuntu0~18.04.1 running 'modules:final' at Sat, 18 Jan 2025 15:05:12 +0000. Up 26.82 seconds.
[   27.013084] cloud-init[1988]: Cloud-init v. 23.1.2-0ubuntu0~18.04.1 finished at Sat, 18 Jan 2025 15:05:13 +0000. Datasource DataSourceNoCloud [seed=/dev/sdb][dsmode=net].  Up 27.00 seconds
